# CODING HISTORY FOR CH02

Last login: Mon Jul 22 17:27:48 on ttys000
sierramiller@MacBook-Air:~$ R

R version 3.5.1 (2018-07-02) -- "Feather Spray"
Copyright (C) 2018 The R Foundation for Statistical Computing
Platform: x86_64-apple-darwin15.6.0 (64-bit)

R is free software and comes with ABSOLUTELY NO WARRANTY.
You are welcome to redistribute it under certain conditions.
Type 'license()' or 'licence()' for distribution details.

  Natural language support but running in an English locale

R is a collaborative project with many contributors.
Type 'contributors()' for more information and
'citation()' on how to cite R or R packages in publications.

Type 'demo()' for some demos, 'help()' for on-line help, or
'help.start()' for an HTML browser interface to help.
Type 'q()' to quit R.

> install.packages(c("ape"),repo="http://cran.r-project.org",dep=TRUE)
also installing the dependencies ‘gee’, ‘expm’, ‘igraph’

trying URL 'http://cran.r-project.org/bin/macosx/el-capitan/contrib/3.5/gee_4.13-19.tgz'
Content type 'application/x-gzip' length 113478 bytes (110 KB)
==================================================
downloaded 110 KB

trying URL 'http://cran.r-project.org/bin/macosx/el-capitan/contrib/3.5/expm_0.999-4.tgz'
Content type 'application/x-gzip' length 237399 bytes (231 KB)
==================================================
downloaded 231 KB

trying URL 'http://cran.r-project.org/bin/macosx/el-capitan/contrib/3.5/igraph_1.2.4.1.tgz'
Content type 'application/x-gzip' length 7470727 bytes (7.1 MB)
==================================================
downloaded 7.1 MB

trying URL 'http://cran.r-project.org/bin/macosx/el-capitan/contrib/3.5/ape_5.3.tgz'
Content type 'application/x-gzip' length 2569972 bytes (2.5 MB)
==================================================
downloaded 2.5 MB


The downloaded binary packages are in
	/var/folders/xz/h3md1bb90jbbxyy19mk8d0h00000gn/T//RtmpR5K77A/downloaded_packages
> library(ape)
Warning message:
package ‘ape’ was built under R version 3.5.2 
> table(read.GenBank(c("X94991.91"), as.character=TRUE))
Error in file(file, "r") : 
  cannot open the connection to 'https://eutils.ncbi.nlm.nih.gov/entrez/eutils/efetch.fcgi?db=nucleotide&id=X94991.91&rettype=fasta&retmode=text'
In addition: Warning message:
In file(file, "r") :
  cannot open URL 'https://eutils.ncbi.nlm.nih.gov/entrez/eutils/efetch.fcgi?db=nucleotide&id=X94991.91&rettype=fasta&retmode=text': HTTP status was '400 Bad Request'
> table(read.GenBank(c("X94991.91"),as.character=TRUE))
Error in file(file, "r") : 
  cannot open the connection to 'https://eutils.ncbi.nlm.nih.gov/entrez/eutils/efetch.fcgi?db=nucleotide&id=X94991.91&rettype=fasta&retmode=text'
In addition: Warning message:
In file(file, "r") :
  cannot open URL 'https://eutils.ncbi.nlm.nih.gov/entrez/eutils/efetch.fcgi?db=nucleotide&id=X94991.91&rettype=fasta&retmode=text': HTTP status was '400 Bad Request'
> table(read.GenBank(c("X94991.1"),as.character=TRUE))

  a   c   g   t 
410 789 573 394 

> if (!requireNamespace("BiocManager", quietly = TRUE))
+     install.packages("BiocManager")
> BiocManager::install("multtest")
Bioconductor version 3.8 (BiocManager 1.30.4), R 3.5.1 (2018-07-02)
Installing package(s) 'multtest'
trying URL 'https://bioconductor.org/packages/3.8/bioc/bin/macosx/el-capitan/contrib/3.5/multtest_2.38.0.tgz'
Content type 'application/x-gzip' length 851935 bytes (831 KB)
==================================================
downloaded 831 KB


The downloaded binary packages are in
	/var/folders/xz/h3md1bb90jbbxyy19mk8d0h00000gn/T//RtmpCtBagw/downloaded_packages
Update old packages: 'curl'
Update all/some/none? [a/s/n]: a

  There is a binary version available but the source version is later:
     binary source needs_compilation
curl    3.3    4.0              TRUE

Do you want to install from sources the package which needs compilation? (Yes/no/cancel) yes
installing the source package ‘curl’

trying URL 'https://cran.rstudio.com/src/contrib/curl_4.0.tar.gz'
Content type 'application/x-gzip' length 379180 bytes (370 KB)
==================================================
downloaded 370 KB

* installing *source* package ‘curl’ ...
** package ‘curl’ successfully unpacked and MD5 sums checked
Using PKG_CFLAGS=
Using PKG_LIBS=-lcurl
** libs
rm -f curl.so callbacks.o curl.o download.o escape.o fetch.o form.o getdate.o handle.o ieproxy.o init.o interrupt.o multi.o nslookup.o reflist.o split.o ssl.o typechecking.o utils.o version.o winidn.o writer.o
clang -I"/Library/Frameworks/R.framework/Resources/include" -DNDEBUG -DSTRICT_R_HEADERS  -I/usr/local/include   -fPIC  -Wall -g -O2  -c callbacks.c -o callbacks.o
clang -I"/Library/Frameworks/R.framework/Resources/include" -DNDEBUG -DSTRICT_R_HEADERS  -I/usr/local/include   -fPIC  -Wall -g -O2  -c curl.c -o curl.o
clang -I"/Library/Frameworks/R.framework/Resources/include" -DNDEBUG -DSTRICT_R_HEADERS  -I/usr/local/include   -fPIC  -Wall -g -O2  -c download.c -o download.o
clang -I"/Library/Frameworks/R.framework/Resources/include" -DNDEBUG -DSTRICT_R_HEADERS  -I/usr/local/include   -fPIC  -Wall -g -O2  -c escape.c -o escape.o
clang -I"/Library/Frameworks/R.framework/Resources/include" -DNDEBUG -DSTRICT_R_HEADERS  -I/usr/local/include   -fPIC  -Wall -g -O2  -c fetch.c -o fetch.o
clang -I"/Library/Frameworks/R.framework/Resources/include" -DNDEBUG -DSTRICT_R_HEADERS  -I/usr/local/include   -fPIC  -Wall -g -O2  -c form.c -o form.o
clang -I"/Library/Frameworks/R.framework/Resources/include" -DNDEBUG -DSTRICT_R_HEADERS  -I/usr/local/include   -fPIC  -Wall -g -O2  -c getdate.c -o getdate.o
clang -I"/Library/Frameworks/R.framework/Resources/include" -DNDEBUG -DSTRICT_R_HEADERS  -I/usr/local/include   -fPIC  -Wall -g -O2  -c handle.c -o handle.o
clang -I"/Library/Frameworks/R.framework/Resources/include" -DNDEBUG -DSTRICT_R_HEADERS  -I/usr/local/include   -fPIC  -Wall -g -O2  -c ieproxy.c -o ieproxy.o
clang -I"/Library/Frameworks/R.framework/Resources/include" -DNDEBUG -DSTRICT_R_HEADERS  -I/usr/local/include   -fPIC  -Wall -g -O2  -c init.c -o init.o
clang -I"/Library/Frameworks/R.framework/Resources/include" -DNDEBUG -DSTRICT_R_HEADERS  -I/usr/local/include   -fPIC  -Wall -g -O2  -c interrupt.c -o interrupt.o
clang -I"/Library/Frameworks/R.framework/Resources/include" -DNDEBUG -DSTRICT_R_HEADERS  -I/usr/local/include   -fPIC  -Wall -g -O2  -c multi.c -o multi.o
clang -I"/Library/Frameworks/R.framework/Resources/include" -DNDEBUG -DSTRICT_R_HEADERS  -I/usr/local/include   -fPIC  -Wall -g -O2  -c nslookup.c -o nslookup.o
clang -I"/Library/Frameworks/R.framework/Resources/include" -DNDEBUG -DSTRICT_R_HEADERS  -I/usr/local/include   -fPIC  -Wall -g -O2  -c reflist.c -o reflist.o
clang -I"/Library/Frameworks/R.framework/Resources/include" -DNDEBUG -DSTRICT_R_HEADERS  -I/usr/local/include   -fPIC  -Wall -g -O2  -c split.c -o split.o
clang -I"/Library/Frameworks/R.framework/Resources/include" -DNDEBUG -DSTRICT_R_HEADERS  -I/usr/local/include   -fPIC  -Wall -g -O2  -c ssl.c -o ssl.o
clang -I"/Library/Frameworks/R.framework/Resources/include" -DNDEBUG -DSTRICT_R_HEADERS  -I/usr/local/include   -fPIC  -Wall -g -O2  -c typechecking.c -o typechecking.o
clang -I"/Library/Frameworks/R.framework/Resources/include" -DNDEBUG -DSTRICT_R_HEADERS  -I/usr/local/include   -fPIC  -Wall -g -O2  -c utils.c -o utils.o
clang -I"/Library/Frameworks/R.framework/Resources/include" -DNDEBUG -DSTRICT_R_HEADERS  -I/usr/local/include   -fPIC  -Wall -g -O2  -c version.c -o version.o
clang -I"/Library/Frameworks/R.framework/Resources/include" -DNDEBUG -DSTRICT_R_HEADERS  -I/usr/local/include   -fPIC  -Wall -g -O2  -c winidn.c -o winidn.o
clang -I"/Library/Frameworks/R.framework/Resources/include" -DNDEBUG -DSTRICT_R_HEADERS  -I/usr/local/include   -fPIC  -Wall -g -O2  -c writer.c -o writer.o
clang -dynamiclib -Wl,-headerpad_max_install_names -undefined dynamic_lookup -single_module -multiply_defined suppress -L/Library/Frameworks/R.framework/Resources/lib -L/usr/local/lib -o curl.so callbacks.o curl.o download.o escape.o fetch.o form.o getdate.o handle.o ieproxy.o init.o interrupt.o multi.o nslookup.o reflist.o split.o ssl.o typechecking.o utils.o version.o winidn.o writer.o -lcurl -F/Library/Frameworks/R.framework/.. -framework R -Wl,-framework -Wl,CoreFoundation
ld: warning: text-based stub file /System/Library/Frameworks//CoreFoundation.framework/CoreFoundation.tbd and library file /System/Library/Frameworks//CoreFoundation.framework/CoreFoundation are out of sync. Falling back to library file for linking.
installing to /Library/Frameworks/R.framework/Versions/3.5/Resources/library/curl/libs
** R
** inst
** byte-compile and prepare package for lazy loading
** help
*** installing help indices
** building package indices
** installing vignettes
** testing if installed package can be loaded
* DONE (curl)

The downloaded source packages are in
	‘/private/var/folders/xz/h3md1bb90jbbxyy19mk8d0h00000gn/T/RtmpCtBagw/downloaded_packages’
> library(multtest)
> data(golub)
> head(golub
+ )
         [,1]     [,2]     [,3]     [,4]     [,5]     [,6]     [,7]     [,8]
[1,] -1.45769 -1.39420 -1.42779 -1.40715 -1.42668 -1.21719 -1.37386 -1.36832
[2,] -0.75161 -1.26278 -0.09052 -0.99596 -1.24245 -0.69242 -1.37386 -0.50803
[3,]  0.45695 -0.09654  0.90325 -0.07194  0.03232  0.09713 -0.11978  0.23381
[4,]  3.13533  0.21415  2.08754  2.23467  0.93811  2.24089  3.36576  1.97859
[5,]  2.76569 -1.27045  1.60433  1.53182  1.63728  1.85697  3.01847  1.12853
[6,]  2.64342  1.01416  1.70477  1.63845 -0.36075  1.73451  3.36576  0.96870
         [,9]    [,10]    [,11]    [,12]    [,13]    [,14]   [,15]    [,16]
[1,] -1.47649 -1.21583 -1.28137 -1.03209 -1.36149 -1.39979 0.17628 -1.40095
[2,] -1.04533 -0.81257 -1.28137 -1.03209 -0.74005 -0.83161 0.41200 -1.27669
[3,]  0.23987  0.44201 -0.39560 -0.62533  0.45181  1.09519 1.09318  0.34300
[4,]  2.66468 -1.21583  0.59110  3.26050 -1.36149  0.64180 2.32621 -1.40095
[5,]  2.17016 -1.21583 -1.10133  2.59982 -1.36149  0.22853 2.34494 -1.40095
[6,]  2.72368 -1.21583  1.20192  2.83418 -1.36149  1.32744 1.52458 -1.40095
        [,17]    [,18]    [,19]    [,20]    [,21]    [,22]    [,23]    [,24]
[1,] -1.56783 -1.20466 -1.24482 -1.60767 -1.06221 -1.12665 -1.20963 -1.48332
[2,] -0.74370 -1.20466 -1.02380 -0.38779 -1.06221 -1.12665 -1.20963 -1.12185
[3,]  0.20010  0.38992  0.00641  1.10932  0.21952 -0.72267  0.51690  0.28577
[4,] -1.56783  0.83502 -1.24482 -1.60767 -1.06221  3.69445  3.70837 -1.48332
[5,] -1.56783  0.94532 -1.24482 -1.60767 -1.06221  3.52458  3.70837 -1.48332
[6,] -1.56783 -0.23780 -1.24482 -1.60767 -1.06221  3.25470  2.73916 -1.48332
        [,25]    [,26]    [,27]    [,28]    [,29]    [,30]    [,31]    [,32]
[1,] -1.25268 -1.27619 -1.23051 -1.43337 -1.08902 -1.29865 -1.26183 -1.44434
[2,] -0.65264 -1.27619 -1.23051 -1.18065 -1.08902 -1.05094 -1.26183 -1.25918
[3,]  0.61937  0.20085  0.29278  0.26624 -0.43377 -0.10823 -0.29385  0.05067
[4,]  2.36698 -1.27619  2.89604  0.71990  0.29598 -1.29865  2.76869  2.08960
[5,]  1.79168 -1.27619  2.24892  0.02799 -1.08902 -1.29865  2.00518  1.17454
[6,]  2.23430 -1.27619  1.83594  1.31110 -1.08902 -1.29865  1.73780  0.89347
        [,33]    [,34]    [,35]    [,36]   [,37]    [,38]
[1,]  1.10147 -1.34158 -1.22961 -0.75919 0.84905 -0.66465
[2,]  0.97813 -0.79357 -1.22961 -0.71792 0.45127 -0.45804
[3,]  1.69430 -0.12472  0.04609  0.24347 0.90774  0.46509
[4,]  0.70003  0.13854  1.75908  0.06151 1.30297  0.58186
[5,] -1.47218 -1.34158  1.55086 -1.18107 1.01596  0.15788
[6,] -0.52883 -1.22168  0.90832 -1.39906 0.51266  1.36249
> 

>  hist(golub[1042, gol.fac=="ALL"])
>  x <- sort(golub[1042, gol.fac=="ALL"], decreasing = FALSE)
> x[1:5]
[1] 0.45827 1.10546 1.27645 1.32551 1.36844
> boxplot(golub[1042,] ~ gol.fac)
> pvec <- seq(0,1,0.2)
> pvec <- seq(0,1,0.25)
> quantile(golub[1042, gol.fac=="ALL"],pvec)
      0%      25%      50%      75%     100% 
0.458270 1.796065 1.927760 2.178705 2.766100 
> qqnorm(golub[1042, gol.fac=="ALL"])
> qqline(golub[1042, gol.fac=="ALL"])
Error in int_abline(a = a, b = b, h = h, v = v, untf = untf, ...) : 
  plot.new has not been called yet
> qqline(golub[1042, gol.fac=="ALL"])
Error in int_abline(a = a, b = b, h = h, v = v, untf = untf, ...) : 
  plot.new has not been called yet
> mean(golub[1042, gol.fac=="ALL"])
[1] 1.893883
>  median(golub[1042, gol.fac=="ALL"])
[1] 1.92776
